2026-10-05 15:31:49,274 | INFO | CSV pipeline started.
2026-10-05 15:31:49,291 | INFO | [read] 8 rows x 6 columns from students_raw.csv
2026-10-05 15:31:49,291 | INFO | [schema] validation passed.
2026-10-05 15:31:49,326 | INFO | [clean] 8 rows x 6 columns after cleaning
2026-10-05 15:31:49,329 | INFO | [validate] final data is valid.
2026-10-05 15:31:49,334 | INFO | [write] 8 rows saved to C:\Users\Brho_omy\Desktop\student_data_pipeline_SQLITE\student_data_pipeline\data\processed\students_ml_ready.csv
2026-10-05 15:31:49,335 | INFO | CSV pipeline completed successfully.
2026-10-05 15:36:06,824 | INFO | CSV pipeline started.
2026-10-05 15:36:06,829 | INFO | [read] 8 rows x 6 columns from students_raw.csv
2026-10-05 15:36:06,830 | INFO | [schema] validation passed.
2026-10-05 15:36:06,839 | INFO | [clean] 8 rows x 6 columns after cleaning
2026-10-05 15:36:06,840 | INFO | [validate] final data is valid.
2026-10-05 15:36:06,844 | INFO | [write] 8 rows saved to C:\Users\Brho_omy\Desktop\student_data_pipeline_SQLITE\student_data_pipeline\data\processed\students_ml_ready.csv
2026-10-05 15:36:06,844 | INFO | CSV pipeline completed successfully.
2026-10-05 15:37:55,030 | INFO | CSV pipeline started.
2026-10-05 15:37:55,040 | INFO | [read] 8 rows x 6 columns from students_raw.csv
2026-10-05 15:37:55,040 | INFO | [schema] validation passed.
2026-10-05 15:37:55,052 | INFO | [clean] 8 rows x 6 columns after cleaning
2026-10-05 15:37:55,054 | INFO | [validate] final data is valid.
2026-10-05 15:37:55,058 | INFO | [write] 8 rows saved to C:\Users\Brho_omy\Desktop\student_data_pipeline_SQLITE\student_data_pipeline\data\processed\students_ml_ready.csv
2026-10-05 15:37:55,059 | INFO | CSV pipeline completed successfully.
2026-10-05 16:05:06,604 | INFO | CSV pipeline started.
2026-10-05 16:05:06,615 | INFO | [read] 103 rows x 6 columns from students_raw.csv
2026-10-05 16:05:06,616 | INFO | [schema] validation passed.
2026-10-05 16:05:06,652 | INFO | [clean] 100 rows x 6 columns after cleaning
2026-10-05 16:05:06,657 | INFO | [validate] final data is valid.
2026-10-05 16:05:06,667 | INFO | [write] 100 rows saved to C:\Users\Brho_omy\Desktop\student_data_pipeline_SQLITE\student_data_pipeline\data\processed\students_ml_ready.csv
2026-10-05 16:05:06,668 | INFO | CSV pipeline completed successfully.
2026-10-05 16:05:45,155 | INFO | CSV pipeline started.
2026-10-05 16:05:45,162 | INFO | [read] 103 rows x 6 columns from students_raw.csv
2026-10-05 16:05:45,163 | INFO | [schema] validation passed.
2026-10-05 16:05:45,194 | INFO | [clean] 100 rows x 6 columns after cleaning
2026-10-05 16:05:45,197 | INFO | [validate] final data is valid.
2026-10-05 16:05:45,207 | INFO | [write] 100 rows saved to C:\Users\Brho_omy\Desktop\student_data_pipeline_SQLITE\student_data_pipeline\data\processed\students_ml_ready.csv
2026-10-05 16:05:45,207 | INFO | CSV pipeline completed successfully.
2026-10-05 16:27:28,704 | INFO | CSV pipeline started.
2026-10-05 16:27:28,711 | INFO | [read] 103 rows x 6 columns from students_raw.csv
2026-10-05 16:27:28,712 | INFO | [schema] validation passed.
2026-10-05 16:27:28,739 | INFO | [clean] 100 rows x 6 columns after cleaning
2026-10-05 16:27:28,743 | INFO | [validate] final data is valid.
2026-10-05 16:27:28,753 | INFO | [write] 100 rows saved to C:\Users\Brho_omy\Desktop\student_data_pipeline_SQLITE\student_data_pipeline\data\processed\students_ml_ready.csv
2026-10-05 16:27:28,753 | INFO | CSV pipeline completed successfully.
2026-10-05 16:38:14,520 | INFO | CSV pipeline started.
2026-10-05 16:38:14,522 | INFO | [read] 103 rows x 6 columns from students_raw.csv
2026-10-05 16:38:14,526 | INFO | [schema] validation passed.
2026-10-05 16:38:14,535 | INFO | [clean] 100 rows x 6 columns after cleaning
2026-10-05 16:38:14,536 | INFO | [validate] final data is valid.
2026-10-05 16:38:14,540 | INFO | [write] 100 rows saved to C:\Users\Brho_omy\Desktop\student_data_pipeline_SQLITE\student_data_pipeline\data\processed\students_ml_ready.csv
2026-10-05 16:38:14,541 | INFO | CSV pipeline completed successfully.
2026-10-05 16:41:25,166 | INFO | CSV pipeline started.
2026-10-05 16:41:25,169 | INFO | [read] 103 rows x 6 columns from students_raw.csv
2026-10-05 16:41:25,174 | INFO | [schema] validation passed.
2026-10-05 16:41:25,182 | INFO | [clean] 100 rows x 6 columns after cleaning
2026-10-05 16:41:25,183 | INFO | [validate] final data is valid.
2026-10-05 16:41:25,188 | INFO | [write] 100 rows saved to C:\Users\Brho_omy\Desktop\student_data_pipeline_SQLITE\student_data_pipeline\data\processed\students_ml_ready.csv
2026-10-05 16:41:25,188 | INFO | CSV pipeline completed successfully.
2026-10-05 16:41:43,132 | INFO | CSV pipeline started.
2026-10-05 16:41:43,135 | INFO | [read] 103 rows x 6 columns from students_raw.csv
2026-10-05 16:41:43,135 | INFO | [schema] validation passed.
2026-10-05 16:41:43,147 | INFO | [clean] 100 rows x 6 columns after cleaning
2026-10-05 16:41:43,148 | INFO | [validate] final data is valid.
2026-10-05 16:41:43,151 | INFO | [write] 100 rows saved to C:\Users\Brho_omy\Desktop\student_data_pipeline_SQLITE\student_data_pipeline\data\processed\students_ml_ready.csv
2026-10-05 16:41:43,151 | INFO | CSV pipeline completed successfully.
2026-10-05 16:52:59,067 | INFO | CSV pipeline started.
2026-10-05 16:52:59,071 | INFO | [read] 103 rows x 6 columns from students_raw.csv
2026-10-05 16:52:59,071 | INFO | [schema] validation passed.
2026-10-05 16:52:59,084 | INFO | [clean] 100 rows x 6 columns after cleaning
2026-10-05 16:52:59,086 | INFO | [validate] final data is valid.
2026-10-05 16:52:59,089 | INFO | [write] 100 rows saved to C:\Users\Brho_omy\Desktop\student_data_pipeline_SQLITE\student_data_pipeline\data\processed\students_ml_ready.csv
2026-10-05 16:52:59,091 | INFO | CSV pipeline completed successfully.
2026-10-05 17:26:09,947 | INFO | CSV pipeline started.
2026-10-05 17:26:09,954 | INFO | [read] 103 rows x 6 columns from students_raw.csv
2026-10-05 17:26:09,955 | INFO | [schema] validation passed.
2026-10-05 17:26:09,972 | INFO | [clean] 100 rows x 6 columns after cleaning
2026-10-05 17:26:09,976 | INFO | [validate] final data is valid.
2026-10-05 17:26:09,982 | INFO | [write] 100 rows saved to C:\Users\Brho_omy\Desktop\student_data_pipeline_SQLITE\student_data_pipeline\data\processed\students_ml_ready.csv
2026-10-05 17:26:09,983 | INFO | CSV pipeline completed successfully.
2026-10-05 17:26:58,738 | INFO | CSV pipeline started.
2026-10-05 17:26:58,740 | INFO | [read] 103 rows x 6 columns from students_raw.csv
2026-10-05 17:26:58,740 | INFO | [schema] validation passed.
2026-10-05 17:26:58,749 | INFO | [clean] 100 rows x 6 columns after cleaning
2026-10-05 17:26:58,750 | INFO | [validate] final data is valid.
2026-10-05 17:26:58,755 | INFO | [write] 100 rows saved to C:\Users\Brho_omy\Desktop\student_data_pipeline_SQLITE\student_data_pipeline\data\processed\students_ml_ready.csv
2026-10-05 17:26:58,755 | INFO | CSV pipeline completed successfully.
2026-10-05 17:29:52,629 | INFO | CSV pipeline started.
2026-10-05 17:29:52,637 | INFO | [read] 103 rows x 6 columns from students_raw.csv
2026-10-05 17:29:52,643 | INFO | [schema] validation passed.
2026-10-05 17:29:52,660 | INFO | [clean] 100 rows x 6 columns after cleaning
2026-10-05 17:29:52,661 | INFO | [validate] final data is valid.
2026-10-05 17:29:52,673 | INFO | [write] 100 rows saved to C:\Users\Brho_omy\Desktop\student_data_pipeline_SQLITE\student_data_pipeline\data\processed\students_ml_ready.csv
2026-10-05 17:29:52,674 | INFO | CSV pipeline completed successfully.
2026-10-05 17:31:04,869 | INFO | CSV pipeline started.
2026-10-05 17:31:04,872 | INFO | [read] 103 rows x 6 columns from students_raw.csv
2026-10-05 17:31:04,878 | INFO | [schema] validation passed.
2026-10-05 17:31:04,889 | INFO | [clean] 100 rows x 6 columns after cleaning
2026-10-05 17:31:04,891 | INFO | [validate] final data is valid.
2026-10-05 17:31:04,897 | INFO | [write] 100 rows saved to C:\Users\Brho_omy\Desktop\student_data_pipeline_SQLITE\student_data_pipeline\data\processed\students_ml_ready.csv
2026-10-05 17:31:04,897 | INFO | CSV pipeline completed successfully.
2026-10-05 17:31:28,716 | INFO | CSV pipeline started.
2026-10-05 17:31:28,719 | INFO | [read] 103 rows x 6 columns from students_raw.csv
2026-10-05 17:31:28,719 | INFO | [schema] validation passed.
2026-10-05 17:31:28,729 | INFO | [clean] 100 rows x 6 columns after cleaning
2026-10-05 17:31:28,730 | INFO | [validate] final data is valid.
2026-10-05 17:31:28,733 | INFO | [write] 100 rows saved to C:\Users\Brho_omy\Desktop\student_data_pipeline_SQLITE\student_data_pipeline\data\processed\students_ml_ready.csv
2026-10-05 17:31:28,734 | INFO | CSV pipeline completed successfully.
2026-10-05 17:31:44,944 | INFO | CSV pipeline started.
2026-10-05 17:31:44,948 | INFO | [read] 103 rows x 6 columns from students_raw.csv
2026-10-05 17:31:44,952 | INFO | [schema] validation passed.
2026-10-05 17:31:44,963 | INFO | [clean] 100 rows x 6 columns after cleaning
2026-10-05 17:31:44,965 | INFO | [validate] final data is valid.
2026-10-05 17:31:44,970 | INFO | [write] 100 rows saved to C:\Users\Brho_omy\Desktop\student_data_pipeline_SQLITE\student_data_pipeline\data\processed\students_ml_ready.csv
2026-10-05 17:31:44,970 | INFO | CSV pipeline completed successfully.
2026-10-05 17:48:34,919 | INFO | CSV pipeline started.
2026-10-05 17:48:34,922 | INFO | [read] 103 rows x 6 columns from students_raw.csv
2026-10-05 17:48:34,923 | INFO | [schema] validation passed.
2026-10-05 17:48:34,931 | INFO | [clean] 100 rows x 6 columns after cleaning
2026-10-05 17:48:34,932 | INFO | [validate] final data is valid.
2026-10-05 17:48:34,934 | INFO | [write] 100 rows saved to C:\Users\Brho_omy\Desktop\student_data_pipeline_SQLITE\student_data_pipeline\data\processed\students_ml_ready.csv
2026-10-05 17:48:34,934 | INFO | CSV pipeline completed successfully.
2026-10-05 17:50:17,137 | INFO | CSV pipeline started.
2026-10-05 17:50:17,140 | INFO | [read] 103 rows x 6 columns from students_raw.csv
2026-10-05 17:50:17,140 | INFO | [schema] validation passed.
2026-10-05 17:50:17,148 | INFO | [clean] 100 rows x 6 columns after cleaning
2026-10-05 17:50:17,149 | INFO | [validate] final data is valid.
2026-10-05 17:50:17,153 | INFO | [write] 100 rows saved to C:\Users\Brho_omy\Desktop\student_data_pipeline_SQLITE\student_data_pipeline\data\processed\students_ml_ready.csv
2026-10-05 17:50:17,153 | INFO | CSV pipeline completed successfully.
2026-10-05 17:53:37,926 | INFO | CSV pipeline started.
2026-10-05 17:53:37,929 | INFO | [read] 103 rows x 6 columns from students_raw.csv
2026-10-05 17:53:37,933 | INFO | [schema] validation passed.
2026-10-05 17:53:37,942 | INFO | [clean] 100 rows x 6 columns after cleaning
2026-10-05 17:53:37,943 | INFO | [validate] final data is valid.
2026-10-05 17:53:37,950 | INFO | [write] 100 rows saved to C:\Users\Brho_omy\Desktop\student_data_pipeline_SQLITE\student_data_pipeline\data\processed\students_ml_ready.csv
2026-10-05 17:53:37,951 | INFO | CSV pipeline completed successfully.
2026-10-05 17:53:48,248 | INFO | CSV pipeline started.
2026-10-05 17:53:48,251 | INFO | [read] 103 rows x 6 columns from students_raw.csv
2026-10-05 17:53:48,251 | INFO | [schema] validation passed.
2026-10-05 17:53:48,259 | INFO | [clean] 100 rows x 6 columns after cleaning
2026-10-05 17:53:48,260 | INFO | [validate] final data is valid.
2026-10-05 17:53:48,263 | INFO | [write] 100 rows saved to C:\Users\Brho_omy\Desktop\student_data_pipeline_SQLITE\student_data_pipeline\data\processed\students_ml_ready.csv
2026-10-05 17:53:48,263 | INFO | CSV pipeline completed successfully.
2026-10-05 17:53:49,671 | INFO | CSV pipeline started.
2026-10-05 17:53:49,673 | INFO | [read] 103 rows x 6 columns from students_raw.csv
2026-10-05 17:53:49,677 | INFO | [schema] validation passed.
2026-10-05 17:53:49,687 | INFO | [clean] 100 rows x 6 columns after cleaning
2026-10-05 17:53:49,688 | INFO | [validate] final data is valid.
2026-10-05 17:53:49,692 | INFO | [write] 100 rows saved to C:\Users\Brho_omy\Desktop\student_data_pipeline_SQLITE\student_data_pipeline\data\processed\students_ml_ready.csv
2026-10-05 17:53:49,692 | INFO | CSV pipeline completed successfully.
